../Core/Src/main.c:94:5:main	8	static
../Core/Src/main.c:183:6:SystemClock_Config	120	static
../Core/Src/main.c:240:6:PeriphCommonClock_Config	200	static
../Core/Src/main.c:267:13:MX_ADC1_Init	48	static
../Core/Src/main.c:344:13:MX_ADC2_Init	40	static
../Core/Src/main.c:403:13:MX_TIM2_Init	48	static
../Core/Src/main.c:456:13:MX_TIM4_Init	48	static
../Core/Src/main.c:505:13:MX_UART9_Init	8	static
../Core/Src/main.c:553:13:MX_USART3_UART_Init	8	static
../Core/Src/main.c:601:13:MX_USART6_UART_Init	8	static
../Core/Src/main.c:647:13:MX_DMA_Init	16	static
../Core/Src/main.c:671:13:MX_GPIO_Init	64	static
../Core/Src/main.c:770:6:StartDefaultTask	16	static
../Core/Src/main.c:801:6:Error_Handler	4	static,ignoring_inline_asm
