../Core/Src/Rte.c:53:10:map_values	16	static
../Core/Src/Rte.c:57:9:Get_Temperature	40	static
../Core/Src/Rte.c:72:8:Get_Voltage	32	static
../Core/Src/Rte.c:88:16:Rte_Read_Lights_PosLights	24	static
../Core/Src/Rte.c:101:16:Rte_Read_Lights_LowBeam	24	static
../Core/Src/Rte.c:118:16:Rte_Read_Lights_HighBeam	24	static
../Core/Src/Rte.c:140:16:Rte_Read_Lights_OnOffStatus	24	static
../Core/Src/Rte.c:154:16:Rte_Read_Lights_Status_Auto	24	static
../Core/Src/Rte.c:163:16:Rte_Read_Door_Status	24	static
../Core/Src/Rte.c:183:16:Rte_Read_Fan_Status	24	static
../Core/Src/Rte.c:193:16:Rte_Read_Engine_Status	24	static
../Core/Src/Rte.c:203:16:Rte_Read_Temperature_Value	24	static
../Core/Src/Rte.c:214:16:Rte_Read_PhotoSen_prcntg	32	static
../Core/Src/Rte.c:226:16:Rte_Read_Potentiometer_interval	32	static
../Core/Src/Rte.c:237:16:Rte_Read_DriverPresence_value	24	static
../Core/Src/Rte.c:245:16:Rte_Read_CommandBuffer_Lights_status	24	static
../Core/Src/Rte.c:256:16:Rte_Read_CommandBuffer_Fan_status	24	static
../Core/Src/Rte.c:265:16:Rte_Read_CommandBuffer_Door_status	24	static
../Core/Src/Rte.c:274:16:Rte_Read_CarSignals_VehicleSpeed	24	static
../Core/Src/Rte.c:282:16:Rte_Read_Lights_Status	24	static
../Core/Src/Rte.c:297:16:Rte_Read_Datapacket_Arduino_Speed	24	static
../Core/Src/Rte.c:304:16:Rte_Read_Datapacket_Arduino_Temperature	24	static
../Core/Src/Rte.c:311:16:Rte_Read_Datapacket_Arduino_PosLights	24	static
../Core/Src/Rte.c:318:16:Rte_Read_Datapacket_Arduino_LowBeam	24	static
../Core/Src/Rte.c:325:16:Rte_Read_Datapacket_Arduino_HighBeam	24	static
../Core/Src/Rte.c:332:16:Rte_Read_Datapacket_Arduino_AutoMode	24	static
../Core/Src/Rte.c:339:16:Rte_Read_Datapacket_Arduino_TemperatureSetpoint	24	static
../Core/Src/Rte.c:346:16:Rte_Read_Datapacket_Arduino_EngineStatus	24	static
../Core/Src/Rte.c:353:16:Rte_Read_Datapacket_Arduino_FanStatus	24	static
../Core/Src/Rte.c:361:16:Rte_Write_RawValues_rawTemperature	24	static
../Core/Src/Rte.c:369:16:Rte_Write_RawValues_rawLux	24	static
../Core/Src/Rte.c:377:16:Rte_Write_RawValues_rawPotentiometer	24	static
../Core/Src/Rte.c:385:16:Rte_Write_CarSignals_DriverPresence	24	static
../Core/Src/Rte.c:393:16:Rte_Write_CommandBuffer_Lights_status	24	static
../Core/Src/Rte.c:401:16:Rte_Write_CommandBuffer_Door_status	24	static
../Core/Src/Rte.c:409:16:Rte_Write_CommandBuffer_Fan_status	24	static
../Core/Src/Rte.c:417:16:Rte_Write_CarSignals_VehicleSpeed	24	static
../Core/Src/Rte.c:426:16:Rte_Write_CarSignals_FanStatus	24	static
../Core/Src/Rte.c:434:16:Rte_Write_CarSignals_EngineStatus	24	static
