../Core/Src/stm32h7xx_it.c:74:6:NMI_Handler	4	static
../Core/Src/stm32h7xx_it.c:89:6:HardFault_Handler	4	static
../Core/Src/stm32h7xx_it.c:104:6:MemManage_Handler	4	static
../Core/Src/stm32h7xx_it.c:119:6:BusFault_Handler	4	static
../Core/Src/stm32h7xx_it.c:134:6:UsageFault_Handler	4	static
../Core/Src/stm32h7xx_it.c:149:6:DebugMon_Handler	4	static
../Core/Src/stm32h7xx_it.c:162:6:SysTick_Handler	8	static
../Core/Src/stm32h7xx_it.c:191:6:DMA1_Stream0_IRQHandler	8	static
../Core/Src/stm32h7xx_it.c:205:6:DMA1_Stream1_IRQHandler	8	static
../Core/Src/stm32h7xx_it.c:219:6:DMA1_Stream2_IRQHandler	8	static
../Core/Src/stm32h7xx_it.c:233:6:USART3_IRQHandler	8	static
